------------------------------------------------------------
TimeQuest Timing Analyzer Summary
------------------------------------------------------------

Type  : Slow 1200mV 85C Model Setup 'c4_tx_clock'
Slack : -4.216
TNS   : -5696.419

Type  : Slow 1200mV 85C Model Setup 'fx3_virtual'
Slack : 0.231
TNS   : 0.000

Type  : Slow 1200mV 85C Model Setup 'U_pll|altpll_component|auto_generated|pll1|clk[0]'
Slack : 0.797
TNS   : 0.000

Type  : Slow 1200mV 85C Model Setup 'U_fx3_pll|altpll_component|auto_generated|pll1|clk[0]'
Slack : 1.059
TNS   : 0.000

Type  : Slow 1200mV 85C Model Setup 'c4_tx_virtual'
Slack : 1.271
TNS   : 0.000

Type  : Slow 1200mV 85C Model Setup 'U_pll|altpll_component|auto_generated|pll1|clk[1]'
Slack : 4.037
TNS   : 0.000

Type  : Slow 1200mV 85C Model Setup 'U_pll|altpll_component|auto_generated|pll1|clk[2]'
Slack : 15.445
TNS   : 0.000

Type  : Slow 1200mV 85C Model Setup 'c4_clock'
Slack : 15.912
TNS   : 0.000

Type  : Slow 1200mV 85C Model Setup 'altera_reserved_tck'
Slack : 15.946
TNS   : 0.000

Type  : Slow 1200mV 85C Model Setup 'U_pll|altpll_component|auto_generated|pll1|clk[4]'
Slack : 17.151
TNS   : 0.000

Type  : Slow 1200mV 85C Model Setup 'lms_rx_clock_out'
Slack : 21.503
TNS   : 0.000

Type  : Slow 1200mV 85C Model Setup 'lms_sclk_pin'
Slack : 21.512
TNS   : 0.000

Type  : Slow 1200mV 85C Model Setup 'ref_vctcxo_tune'
Slack : 93.836
TNS   : 0.000

Type  : Slow 1200mV 85C Model Hold 'c4_tx_clock'
Slack : 0.432
TNS   : 0.000

Type  : Slow 1200mV 85C Model Hold 'U_pll|altpll_component|auto_generated|pll1|clk[0]'
Slack : 0.450
TNS   : 0.000

Type  : Slow 1200mV 85C Model Hold 'U_pll|altpll_component|auto_generated|pll1|clk[2]'
Slack : 0.450
TNS   : 0.000

Type  : Slow 1200mV 85C Model Hold 'altera_reserved_tck'
Slack : 0.450
TNS   : 0.000

Type  : Slow 1200mV 85C Model Hold 'c4_clock'
Slack : 0.450
TNS   : 0.000

Type  : Slow 1200mV 85C Model Hold 'U_fx3_pll|altpll_component|auto_generated|pll1|clk[0]'
Slack : 0.451
TNS   : 0.000

Type  : Slow 1200mV 85C Model Hold 'lms_rx_clock_out'
Slack : 0.451
TNS   : 0.000

Type  : Slow 1200mV 85C Model Hold 'U_pll|altpll_component|auto_generated|pll1|clk[1]'
Slack : 0.452
TNS   : 0.000

Type  : Slow 1200mV 85C Model Hold 'U_pll|altpll_component|auto_generated|pll1|clk[4]'
Slack : 0.452
TNS   : 0.000

Type  : Slow 1200mV 85C Model Hold 'ref_vctcxo_tune'
Slack : 0.463
TNS   : 0.000

Type  : Slow 1200mV 85C Model Hold 'fx3_virtual'
Slack : 6.382
TNS   : 0.000

Type  : Slow 1200mV 85C Model Hold 'c4_tx_virtual'
Slack : 7.576
TNS   : 0.000

Type  : Slow 1200mV 85C Model Hold 'lms_sclk_pin'
Slack : 13.606
TNS   : 0.000

Type  : Slow 1200mV 85C Model Recovery 'U_fx3_pll|altpll_component|auto_generated|pll1|clk[0]'
Slack : 4.488
TNS   : 0.000

Type  : Slow 1200mV 85C Model Recovery 'c4_tx_clock'
Slack : 6.358
TNS   : 0.000

Type  : Slow 1200mV 85C Model Recovery 'U_pll|altpll_component|auto_generated|pll1|clk[0]'
Slack : 6.444
TNS   : 0.000

Type  : Slow 1200mV 85C Model Recovery 'c4_clock'
Slack : 22.059
TNS   : 0.000

Type  : Slow 1200mV 85C Model Recovery 'lms_rx_clock_out'
Slack : 25.268
TNS   : 0.000

Type  : Slow 1200mV 85C Model Recovery 'altera_reserved_tck'
Slack : 47.613
TNS   : 0.000

Type  : Slow 1200mV 85C Model Recovery 'ref_vctcxo_tune'
Slack : 97.700
TNS   : 0.000

Type  : Slow 1200mV 85C Model Removal 'ref_vctcxo_tune'
Slack : 1.182
TNS   : 0.000

Type  : Slow 1200mV 85C Model Removal 'c4_clock'
Slack : 1.206
TNS   : 0.000

Type  : Slow 1200mV 85C Model Removal 'altera_reserved_tck'
Slack : 1.273
TNS   : 0.000

Type  : Slow 1200mV 85C Model Removal 'U_fx3_pll|altpll_component|auto_generated|pll1|clk[0]'
Slack : 1.370
TNS   : 0.000

Type  : Slow 1200mV 85C Model Removal 'c4_tx_clock'
Slack : 1.626
TNS   : 0.000

Type  : Slow 1200mV 85C Model Removal 'lms_rx_clock_out'
Slack : 1.960
TNS   : 0.000

Type  : Slow 1200mV 85C Model Removal 'U_pll|altpll_component|auto_generated|pll1|clk[0]'
Slack : 3.280
TNS   : 0.000

Type  : Slow 1200mV 85C Model Minimum Pulse Width 'U_fx3_pll|altpll_component|auto_generated|pll1|clk[0]'
Slack : 4.669
TNS   : 0.000

Type  : Slow 1200mV 85C Model Minimum Pulse Width 'fx3_pclk'
Slack : 4.807
TNS   : 0.000

Type  : Slow 1200mV 85C Model Minimum Pulse Width 'c4_tx_clock'
Slack : 5.723
TNS   : 0.000

Type  : Slow 1200mV 85C Model Minimum Pulse Width 'U_pll|altpll_component|auto_generated|pll1|clk[0]'
Slack : 5.934
TNS   : 0.000

Type  : Slow 1200mV 85C Model Minimum Pulse Width 'U_pll|altpll_component|auto_generated|pll1|clk[1]'
Slack : 10.104
TNS   : 0.000

Type  : Slow 1200mV 85C Model Minimum Pulse Width 'c4_clock'
Slack : 12.567
TNS   : 0.000

Type  : Slow 1200mV 85C Model Minimum Pulse Width 'lms_rx_clock_out'
Slack : 15.172
TNS   : 0.000

Type  : Slow 1200mV 85C Model Minimum Pulse Width 'lms_pll_out'
Slack : 22.041
TNS   : 0.000

Type  : Slow 1200mV 85C Model Minimum Pulse Width 'lms_sclk_reg'
Slack : 24.906
TNS   : 0.000

Type  : Slow 1200mV 85C Model Minimum Pulse Width 'lms_sclk_pin'
Slack : 46.295
TNS   : 0.000

Type  : Slow 1200mV 85C Model Minimum Pulse Width 'ref_vctcxo_tune'
Slack : 49.547
TNS   : 0.000

Type  : Slow 1200mV 85C Model Minimum Pulse Width 'altera_reserved_tck'
Slack : 49.698
TNS   : 0.000

Type  : Slow 1200mV 85C Model Minimum Pulse Width 'U_pll|altpll_component|auto_generated|pll1|clk[2]'
Slack : 62.183
TNS   : 0.000

Type  : Slow 1200mV 85C Model Minimum Pulse Width 'U_pll|altpll_component|auto_generated|pll1|clk[4]'
Slack : 249.680
TNS   : 0.000

Type  : Slow 1200mV 0C Model Setup 'c4_tx_clock'
Slack : -4.276
TNS   : -5822.552

Type  : Slow 1200mV 0C Model Setup 'fx3_virtual'
Slack : 0.913
TNS   : 0.000

Type  : Slow 1200mV 0C Model Setup 'U_fx3_pll|altpll_component|auto_generated|pll1|clk[0]'
Slack : 1.097
TNS   : 0.000

Type  : Slow 1200mV 0C Model Setup 'U_pll|altpll_component|auto_generated|pll1|clk[0]'
Slack : 1.918
TNS   : 0.000

Type  : Slow 1200mV 0C Model Setup 'c4_tx_virtual'
Slack : 2.096
TNS   : 0.000

Type  : Slow 1200mV 0C Model Setup 'U_pll|altpll_component|auto_generated|pll1|clk[1]'
Slack : 4.551
TNS   : 0.000

Type  : Slow 1200mV 0C Model Setup 'U_pll|altpll_component|auto_generated|pll1|clk[2]'
Slack : 15.681
TNS   : 0.000

Type  : Slow 1200mV 0C Model Setup 'altera_reserved_tck'
Slack : 16.767
TNS   : 0.000

Type  : Slow 1200mV 0C Model Setup 'c4_clock'
Slack : 16.818
TNS   : 0.000

Type  : Slow 1200mV 0C Model Setup 'U_pll|altpll_component|auto_generated|pll1|clk[4]'
Slack : 17.347
TNS   : 0.000

Type  : Slow 1200mV 0C Model Setup 'lms_sclk_pin'
Slack : 21.568
TNS   : 0.000

Type  : Slow 1200mV 0C Model Setup 'lms_rx_clock_out'
Slack : 22.512
TNS   : 0.000

Type  : Slow 1200mV 0C Model Setup 'ref_vctcxo_tune'
Slack : 94.354
TNS   : 0.000

Type  : Slow 1200mV 0C Model Hold 'c4_tx_clock'
Slack : 0.381
TNS   : 0.000

Type  : Slow 1200mV 0C Model Hold 'U_pll|altpll_component|auto_generated|pll1|clk[0]'
Slack : 0.398
TNS   : 0.000

Type  : Slow 1200mV 0C Model Hold 'U_fx3_pll|altpll_component|auto_generated|pll1|clk[0]'
Slack : 0.399
TNS   : 0.000

Type  : Slow 1200mV 0C Model Hold 'U_pll|altpll_component|auto_generated|pll1|clk[2]'
Slack : 0.399
TNS   : 0.000

Type  : Slow 1200mV 0C Model Hold 'altera_reserved_tck'
Slack : 0.399
TNS   : 0.000

Type  : Slow 1200mV 0C Model Hold 'c4_clock'
Slack : 0.399
TNS   : 0.000

Type  : Slow 1200mV 0C Model Hold 'lms_rx_clock_out'
Slack : 0.399
TNS   : 0.000

Type  : Slow 1200mV 0C Model Hold 'U_pll|altpll_component|auto_generated|pll1|clk[4]'
Slack : 0.400
TNS   : 0.000

Type  : Slow 1200mV 0C Model Hold 'U_pll|altpll_component|auto_generated|pll1|clk[1]'
Slack : 0.401
TNS   : 0.000

Type  : Slow 1200mV 0C Model Hold 'ref_vctcxo_tune'
Slack : 0.415
TNS   : 0.000

Type  : Slow 1200mV 0C Model Hold 'fx3_virtual'
Slack : 5.880
TNS   : 0.000

Type  : Slow 1200mV 0C Model Hold 'c4_tx_virtual'
Slack : 6.862
TNS   : 0.000

Type  : Slow 1200mV 0C Model Hold 'lms_sclk_pin'
Slack : 13.443
TNS   : 0.000

Type  : Slow 1200mV 0C Model Recovery 'U_fx3_pll|altpll_component|auto_generated|pll1|clk[0]'
Slack : 4.863
TNS   : 0.000

Type  : Slow 1200mV 0C Model Recovery 'U_pll|altpll_component|auto_generated|pll1|clk[0]'
Slack : 6.707
TNS   : 0.000

Type  : Slow 1200mV 0C Model Recovery 'c4_tx_clock'
Slack : 6.788
TNS   : 0.000

Type  : Slow 1200mV 0C Model Recovery 'c4_clock'
Slack : 22.248
TNS   : 0.000

Type  : Slow 1200mV 0C Model Recovery 'lms_rx_clock_out'
Slack : 25.660
TNS   : 0.000

Type  : Slow 1200mV 0C Model Recovery 'altera_reserved_tck'
Slack : 47.897
TNS   : 0.000

Type  : Slow 1200mV 0C Model Recovery 'ref_vctcxo_tune'
Slack : 97.853
TNS   : 0.000

Type  : Slow 1200mV 0C Model Removal 'ref_vctcxo_tune'
Slack : 1.087
TNS   : 0.000

Type  : Slow 1200mV 0C Model Removal 'c4_clock'
Slack : 1.110
TNS   : 0.000

Type  : Slow 1200mV 0C Model Removal 'altera_reserved_tck'
Slack : 1.180
TNS   : 0.000

Type  : Slow 1200mV 0C Model Removal 'U_fx3_pll|altpll_component|auto_generated|pll1|clk[0]'
Slack : 1.228
TNS   : 0.000

Type  : Slow 1200mV 0C Model Removal 'c4_tx_clock'
Slack : 1.454
TNS   : 0.000

Type  : Slow 1200mV 0C Model Removal 'lms_rx_clock_out'
Slack : 1.743
TNS   : 0.000

Type  : Slow 1200mV 0C Model Removal 'U_pll|altpll_component|auto_generated|pll1|clk[0]'
Slack : 3.020
TNS   : 0.000

Type  : Slow 1200mV 0C Model Minimum Pulse Width 'U_fx3_pll|altpll_component|auto_generated|pll1|clk[0]'
Slack : 4.651
TNS   : 0.000

Type  : Slow 1200mV 0C Model Minimum Pulse Width 'fx3_pclk'
Slack : 4.811
TNS   : 0.000

Type  : Slow 1200mV 0C Model Minimum Pulse Width 'c4_tx_clock'
Slack : 5.757
TNS   : 0.000

Type  : Slow 1200mV 0C Model Minimum Pulse Width 'U_pll|altpll_component|auto_generated|pll1|clk[0]'
Slack : 5.941
TNS   : 0.000

Type  : Slow 1200mV 0C Model Minimum Pulse Width 'U_pll|altpll_component|auto_generated|pll1|clk[1]'
Slack : 10.108
TNS   : 0.000

Type  : Slow 1200mV 0C Model Minimum Pulse Width 'c4_clock'
Slack : 12.574
TNS   : 0.000

Type  : Slow 1200mV 0C Model Minimum Pulse Width 'lms_rx_clock_out'
Slack : 15.180
TNS   : 0.000

Type  : Slow 1200mV 0C Model Minimum Pulse Width 'lms_pll_out'
Slack : 22.041
TNS   : 0.000

Type  : Slow 1200mV 0C Model Minimum Pulse Width 'lms_sclk_reg'
Slack : 24.788
TNS   : 0.000

Type  : Slow 1200mV 0C Model Minimum Pulse Width 'lms_sclk_pin'
Slack : 46.295
TNS   : 0.000

Type  : Slow 1200mV 0C Model Minimum Pulse Width 'altera_reserved_tck'
Slack : 49.532
TNS   : 0.000

Type  : Slow 1200mV 0C Model Minimum Pulse Width 'ref_vctcxo_tune'
Slack : 49.557
TNS   : 0.000

Type  : Slow 1200mV 0C Model Minimum Pulse Width 'U_pll|altpll_component|auto_generated|pll1|clk[2]'
Slack : 62.190
TNS   : 0.000

Type  : Slow 1200mV 0C Model Minimum Pulse Width 'U_pll|altpll_component|auto_generated|pll1|clk[4]'
Slack : 249.686
TNS   : 0.000

Type  : Fast 1200mV 0C Model Setup 'c4_tx_clock'
Slack : -1.769
TNS   : -2352.185

Type  : Fast 1200mV 0C Model Setup 'U_fx3_pll|altpll_component|auto_generated|pll1|clk[0]'
Slack : 1.440
TNS   : 0.000

Type  : Fast 1200mV 0C Model Setup 'fx3_virtual'
Slack : 3.820
TNS   : 0.000

Type  : Fast 1200mV 0C Model Setup 'c4_tx_virtual'
Slack : 6.219
TNS   : 0.000

Type  : Fast 1200mV 0C Model Setup 'U_pll|altpll_component|auto_generated|pll1|clk[0]'
Slack : 6.477
TNS   : 0.000

Type  : Fast 1200mV 0C Model Setup 'U_pll|altpll_component|auto_generated|pll1|clk[1]'
Slack : 7.841
TNS   : 0.000

Type  : Fast 1200mV 0C Model Setup 'U_pll|altpll_component|auto_generated|pll1|clk[2]'
Slack : 18.337
TNS   : 0.000

Type  : Fast 1200mV 0C Model Setup 'U_pll|altpll_component|auto_generated|pll1|clk[4]'
Slack : 19.207
TNS   : 0.000

Type  : Fast 1200mV 0C Model Setup 'c4_clock'
Slack : 21.440
TNS   : 0.000

Type  : Fast 1200mV 0C Model Setup 'lms_sclk_pin'
Slack : 22.153
TNS   : 0.000

Type  : Fast 1200mV 0C Model Setup 'altera_reserved_tck'
Slack : 23.315
TNS   : 0.000

Type  : Fast 1200mV 0C Model Setup 'lms_rx_clock_out'
Slack : 26.930
TNS   : 0.000

Type  : Fast 1200mV 0C Model Setup 'ref_vctcxo_tune'
Slack : 97.347
TNS   : 0.000

Type  : Fast 1200mV 0C Model Hold 'U_pll|altpll_component|auto_generated|pll1|clk[0]'
Slack : 0.172
TNS   : 0.000

Type  : Fast 1200mV 0C Model Hold 'c4_tx_clock'
Slack : 0.178
TNS   : 0.000

Type  : Fast 1200mV 0C Model Hold 'U_pll|altpll_component|auto_generated|pll1|clk[2]'
Slack : 0.183
TNS   : 0.000

Type  : Fast 1200mV 0C Model Hold 'U_fx3_pll|altpll_component|auto_generated|pll1|clk[0]'
Slack : 0.185
TNS   : 0.000

Type  : Fast 1200mV 0C Model Hold 'U_pll|altpll_component|auto_generated|pll1|clk[4]'
Slack : 0.185
TNS   : 0.000

Type  : Fast 1200mV 0C Model Hold 'altera_reserved_tck'
Slack : 0.185
TNS   : 0.000

Type  : Fast 1200mV 0C Model Hold 'c4_clock'
Slack : 0.185
TNS   : 0.000

Type  : Fast 1200mV 0C Model Hold 'lms_rx_clock_out'
Slack : 0.185
TNS   : 0.000

Type  : Fast 1200mV 0C Model Hold 'U_pll|altpll_component|auto_generated|pll1|clk[1]'
Slack : 0.186
TNS   : 0.000

Type  : Fast 1200mV 0C Model Hold 'ref_vctcxo_tune'
Slack : 0.193
TNS   : 0.000

Type  : Fast 1200mV 0C Model Hold 'fx3_virtual'
Slack : 3.568
TNS   : 0.000

Type  : Fast 1200mV 0C Model Hold 'c4_tx_virtual'
Slack : 3.916
TNS   : 0.000

Type  : Fast 1200mV 0C Model Hold 'lms_sclk_pin'
Slack : 13.558
TNS   : 0.000

Type  : Fast 1200mV 0C Model Recovery 'U_fx3_pll|altpll_component|auto_generated|pll1|clk[0]'
Slack : 7.421
TNS   : 0.000

Type  : Fast 1200mV 0C Model Recovery 'c4_tx_clock'
Slack : 9.585
TNS   : 0.000

Type  : Fast 1200mV 0C Model Recovery 'U_pll|altpll_component|auto_generated|pll1|clk[0]'
Slack : 9.695
TNS   : 0.000

Type  : Fast 1200mV 0C Model Recovery 'c4_clock'
Slack : 24.225
TNS   : 0.000

Type  : Fast 1200mV 0C Model Recovery 'lms_rx_clock_out'
Slack : 28.436
TNS   : 0.000

Type  : Fast 1200mV 0C Model Recovery 'altera_reserved_tck'
Slack : 48.823
TNS   : 0.000

Type  : Fast 1200mV 0C Model Recovery 'ref_vctcxo_tune'
Slack : 98.949
TNS   : 0.000

Type  : Fast 1200mV 0C Model Removal 'ref_vctcxo_tune'
Slack : 0.500
TNS   : 0.000

Type  : Fast 1200mV 0C Model Removal 'c4_clock'
Slack : 0.513
TNS   : 0.000

Type  : Fast 1200mV 0C Model Removal 'altera_reserved_tck'
Slack : 0.540
TNS   : 0.000

Type  : Fast 1200mV 0C Model Removal 'U_fx3_pll|altpll_component|auto_generated|pll1|clk[0]'
Slack : 0.565
TNS   : 0.000

Type  : Fast 1200mV 0C Model Removal 'c4_tx_clock'
Slack : 0.686
TNS   : 0.000

Type  : Fast 1200mV 0C Model Removal 'lms_rx_clock_out'
Slack : 0.811
TNS   : 0.000

Type  : Fast 1200mV 0C Model Removal 'U_pll|altpll_component|auto_generated|pll1|clk[0]'
Slack : 1.442
TNS   : 0.000

Type  : Fast 1200mV 0C Model Minimum Pulse Width 'U_fx3_pll|altpll_component|auto_generated|pll1|clk[0]'
Slack : 4.748
TNS   : 0.000

Type  : Fast 1200mV 0C Model Minimum Pulse Width 'fx3_pclk'
Slack : 4.950
TNS   : 0.000

Type  : Fast 1200mV 0C Model Minimum Pulse Width 'c4_tx_clock'
Slack : 5.990
TNS   : 0.000

Type  : Fast 1200mV 0C Model Minimum Pulse Width 'U_pll|altpll_component|auto_generated|pll1|clk[0]'
Slack : 6.000
TNS   : 0.000

Type  : Fast 1200mV 0C Model Minimum Pulse Width 'U_pll|altpll_component|auto_generated|pll1|clk[1]'
Slack : 10.180
TNS   : 0.000

Type  : Fast 1200mV 0C Model Minimum Pulse Width 'c4_clock'
Slack : 12.812
TNS   : 0.000

Type  : Fast 1200mV 0C Model Minimum Pulse Width 'lms_rx_clock_out'
Slack : 15.416
TNS   : 0.000

Type  : Fast 1200mV 0C Model Minimum Pulse Width 'lms_pll_out'
Slack : 22.041
TNS   : 0.000

Type  : Fast 1200mV 0C Model Minimum Pulse Width 'lms_sclk_reg'
Slack : 24.879
TNS   : 0.000

Type  : Fast 1200mV 0C Model Minimum Pulse Width 'lms_sclk_pin'
Slack : 46.665
TNS   : 0.000

Type  : Fast 1200mV 0C Model Minimum Pulse Width 'altera_reserved_tck'
Slack : 49.713
TNS   : 0.000

Type  : Fast 1200mV 0C Model Minimum Pulse Width 'ref_vctcxo_tune'
Slack : 49.791
TNS   : 0.000

Type  : Fast 1200mV 0C Model Minimum Pulse Width 'U_pll|altpll_component|auto_generated|pll1|clk[2]'
Slack : 62.248
TNS   : 0.000

Type  : Fast 1200mV 0C Model Minimum Pulse Width 'U_pll|altpll_component|auto_generated|pll1|clk[4]'
Slack : 249.747
TNS   : 0.000

------------------------------------------------------------
