------------------------------------------------------------
TimeQuest Timing Analyzer Summary
------------------------------------------------------------

Type  : Slow 1200mV 85C Model Setup 'c4_tx_clock'
Slack : -4.517
TNS   : -6253.174

Type  : Slow 1200mV 85C Model Setup 'U_pll|altpll_component|auto_generated|pll1|clk[1]'
Slack : -0.641
TNS   : -1.447

Type  : Slow 1200mV 85C Model Setup 'U_pll|altpll_component|auto_generated|pll1|clk[0]'
Slack : 0.173
TNS   : 0.000

Type  : Slow 1200mV 85C Model Setup 'fx3_virtual'
Slack : 0.231
TNS   : 0.000

Type  : Slow 1200mV 85C Model Setup 'U_fx3_pll|altpll_component|auto_generated|pll1|clk[0]'
Slack : 1.027
TNS   : 0.000

Type  : Slow 1200mV 85C Model Setup 'c4_tx_virtual'
Slack : 1.354
TNS   : 0.000

Type  : Slow 1200mV 85C Model Setup 'U_pll|altpll_component|auto_generated|pll1|clk[2]'
Slack : 5.002
TNS   : 0.000

Type  : Slow 1200mV 85C Model Setup 'U_pll|altpll_component|auto_generated|pll1|clk[4]'
Slack : 5.576
TNS   : 0.000

Type  : Slow 1200mV 85C Model Setup 'altera_reserved_tck'
Slack : 14.901
TNS   : 0.000

Type  : Slow 1200mV 85C Model Setup 'c4_clock'
Slack : 16.185
TNS   : 0.000

Type  : Slow 1200mV 85C Model Setup 'lms_sclk_pin'
Slack : 22.050
TNS   : 0.000

Type  : Slow 1200mV 85C Model Setup 'lms_rx_clock_out'
Slack : 22.306
TNS   : 0.000

Type  : Slow 1200mV 85C Model Setup 'ref_vctcxo_tune'
Slack : 93.140
TNS   : 0.000

Type  : Slow 1200mV 85C Model Hold 'c4_tx_clock'
Slack : 0.400
TNS   : 0.000

Type  : Slow 1200mV 85C Model Hold 'U_fx3_pll|altpll_component|auto_generated|pll1|clk[0]'
Slack : 0.432
TNS   : 0.000

Type  : Slow 1200mV 85C Model Hold 'U_pll|altpll_component|auto_generated|pll1|clk[0]'
Slack : 0.450
TNS   : 0.000

Type  : Slow 1200mV 85C Model Hold 'U_pll|altpll_component|auto_generated|pll1|clk[2]'
Slack : 0.450
TNS   : 0.000

Type  : Slow 1200mV 85C Model Hold 'altera_reserved_tck'
Slack : 0.450
TNS   : 0.000

Type  : Slow 1200mV 85C Model Hold 'U_pll|altpll_component|auto_generated|pll1|clk[1]'
Slack : 0.451
TNS   : 0.000

Type  : Slow 1200mV 85C Model Hold 'U_pll|altpll_component|auto_generated|pll1|clk[4]'
Slack : 0.451
TNS   : 0.000

Type  : Slow 1200mV 85C Model Hold 'c4_clock'
Slack : 0.451
TNS   : 0.000

Type  : Slow 1200mV 85C Model Hold 'lms_rx_clock_out'
Slack : 0.451
TNS   : 0.000

Type  : Slow 1200mV 85C Model Hold 'ref_vctcxo_tune'
Slack : 0.464
TNS   : 0.000

Type  : Slow 1200mV 85C Model Hold 'fx3_virtual'
Slack : 6.382
TNS   : 0.000

Type  : Slow 1200mV 85C Model Hold 'c4_tx_virtual'
Slack : 7.576
TNS   : 0.000

Type  : Slow 1200mV 85C Model Hold 'lms_sclk_pin'
Slack : 13.458
TNS   : 0.000

Type  : Slow 1200mV 85C Model Recovery 'c4_tx_clock'
Slack : 2.082
TNS   : 0.000

Type  : Slow 1200mV 85C Model Recovery 'U_fx3_pll|altpll_component|auto_generated|pll1|clk[0]'
Slack : 3.068
TNS   : 0.000

Type  : Slow 1200mV 85C Model Recovery 'U_pll|altpll_component|auto_generated|pll1|clk[1]'
Slack : 5.330
TNS   : 0.000

Type  : Slow 1200mV 85C Model Recovery 'U_pll|altpll_component|auto_generated|pll1|clk[0]'
Slack : 7.595
TNS   : 0.000

Type  : Slow 1200mV 85C Model Recovery 'c4_clock'
Slack : 22.696
TNS   : 0.000

Type  : Slow 1200mV 85C Model Recovery 'lms_rx_clock_out'
Slack : 25.723
TNS   : 0.000

Type  : Slow 1200mV 85C Model Recovery 'U_pll|altpll_component|auto_generated|pll1|clk[2]'
Slack : 26.125
TNS   : 0.000

Type  : Slow 1200mV 85C Model Recovery 'altera_reserved_tck'
Slack : 47.500
TNS   : 0.000

Type  : Slow 1200mV 85C Model Recovery 'ref_vctcxo_tune'
Slack : 97.716
TNS   : 0.000

Type  : Slow 1200mV 85C Model Recovery 'U_pll|altpll_component|auto_generated|pll1|clk[4]'
Slack : 245.017
TNS   : 0.000

Type  : Slow 1200mV 85C Model Removal 'altera_reserved_tck'
Slack : 1.309
TNS   : 0.000

Type  : Slow 1200mV 85C Model Removal 'c4_tx_clock'
Slack : 1.344
TNS   : 0.000

Type  : Slow 1200mV 85C Model Removal 'lms_rx_clock_out'
Slack : 1.348
TNS   : 0.000

Type  : Slow 1200mV 85C Model Removal 'U_fx3_pll|altpll_component|auto_generated|pll1|clk[0]'
Slack : 1.361
TNS   : 0.000

Type  : Slow 1200mV 85C Model Removal 'c4_clock'
Slack : 1.421
TNS   : 0.000

Type  : Slow 1200mV 85C Model Removal 'ref_vctcxo_tune'
Slack : 1.593
TNS   : 0.000

Type  : Slow 1200mV 85C Model Removal 'U_pll|altpll_component|auto_generated|pll1|clk[2]'
Slack : 1.965
TNS   : 0.000

Type  : Slow 1200mV 85C Model Removal 'U_pll|altpll_component|auto_generated|pll1|clk[0]'
Slack : 3.318
TNS   : 0.000

Type  : Slow 1200mV 85C Model Removal 'U_pll|altpll_component|auto_generated|pll1|clk[1]'
Slack : 4.095
TNS   : 0.000

Type  : Slow 1200mV 85C Model Removal 'U_pll|altpll_component|auto_generated|pll1|clk[4]'
Slack : 4.188
TNS   : 0.000

Type  : Slow 1200mV 85C Model Minimum Pulse Width 'U_fx3_pll|altpll_component|auto_generated|pll1|clk[0]'
Slack : 4.669
TNS   : 0.000

Type  : Slow 1200mV 85C Model Minimum Pulse Width 'fx3_pclk'
Slack : 4.807
TNS   : 0.000

Type  : Slow 1200mV 85C Model Minimum Pulse Width 'U_pll|altpll_component|auto_generated|pll1|clk[1]'
Slack : 4.893
TNS   : 0.000

Type  : Slow 1200mV 85C Model Minimum Pulse Width 'c4_tx_clock'
Slack : 5.672
TNS   : 0.000

Type  : Slow 1200mV 85C Model Minimum Pulse Width 'U_pll|altpll_component|auto_generated|pll1|clk[0]'
Slack : 5.914
TNS   : 0.000

Type  : Slow 1200mV 85C Model Minimum Pulse Width 'c4_clock'
Slack : 12.568
TNS   : 0.000

Type  : Slow 1200mV 85C Model Minimum Pulse Width 'lms_rx_clock_out'
Slack : 15.173
TNS   : 0.000

Type  : Slow 1200mV 85C Model Minimum Pulse Width 'lms_pll_out'
Slack : 22.041
TNS   : 0.000

Type  : Slow 1200mV 85C Model Minimum Pulse Width 'lms_sclk_reg'
Slack : 24.874
TNS   : 0.000

Type  : Slow 1200mV 85C Model Minimum Pulse Width 'U_pll|altpll_component|auto_generated|pll1|clk[2]'
Slack : 30.934
TNS   : 0.000

Type  : Slow 1200mV 85C Model Minimum Pulse Width 'lms_sclk_pin'
Slack : 46.295
TNS   : 0.000

Type  : Slow 1200mV 85C Model Minimum Pulse Width 'ref_vctcxo_tune'
Slack : 49.550
TNS   : 0.000

Type  : Slow 1200mV 85C Model Minimum Pulse Width 'altera_reserved_tck'
Slack : 49.695
TNS   : 0.000

Type  : Slow 1200mV 85C Model Minimum Pulse Width 'U_pll|altpll_component|auto_generated|pll1|clk[4]'
Slack : 124.683
TNS   : 0.000

Type  : Slow 1200mV 0C Model Setup 'c4_tx_clock'
Slack : -4.561
TNS   : -6311.890

Type  : Slow 1200mV 0C Model Setup 'U_pll|altpll_component|auto_generated|pll1|clk[1]'
Slack : -0.182
TNS   : -0.182

Type  : Slow 1200mV 0C Model Setup 'fx3_virtual'
Slack : 0.913
TNS   : 0.000

Type  : Slow 1200mV 0C Model Setup 'U_fx3_pll|altpll_component|auto_generated|pll1|clk[0]'
Slack : 1.070
TNS   : 0.000

Type  : Slow 1200mV 0C Model Setup 'U_pll|altpll_component|auto_generated|pll1|clk[0]'
Slack : 1.258
TNS   : 0.000

Type  : Slow 1200mV 0C Model Setup 'c4_tx_virtual'
Slack : 2.170
TNS   : 0.000

Type  : Slow 1200mV 0C Model Setup 'U_pll|altpll_component|auto_generated|pll1|clk[2]'
Slack : 5.264
TNS   : 0.000

Type  : Slow 1200mV 0C Model Setup 'U_pll|altpll_component|auto_generated|pll1|clk[4]'
Slack : 5.810
TNS   : 0.000

Type  : Slow 1200mV 0C Model Setup 'altera_reserved_tck'
Slack : 15.717
TNS   : 0.000

Type  : Slow 1200mV 0C Model Setup 'c4_clock'
Slack : 17.256
TNS   : 0.000

Type  : Slow 1200mV 0C Model Setup 'lms_sclk_pin'
Slack : 22.057
TNS   : 0.000

Type  : Slow 1200mV 0C Model Setup 'lms_rx_clock_out'
Slack : 23.264
TNS   : 0.000

Type  : Slow 1200mV 0C Model Setup 'ref_vctcxo_tune'
Slack : 93.707
TNS   : 0.000

Type  : Slow 1200mV 0C Model Hold 'U_fx3_pll|altpll_component|auto_generated|pll1|clk[0]'
Slack : 0.381
TNS   : 0.000

Type  : Slow 1200mV 0C Model Hold 'c4_tx_clock'
Slack : 0.382
TNS   : 0.000

Type  : Slow 1200mV 0C Model Hold 'U_pll|altpll_component|auto_generated|pll1|clk[0]'
Slack : 0.399
TNS   : 0.000

Type  : Slow 1200mV 0C Model Hold 'U_pll|altpll_component|auto_generated|pll1|clk[1]'
Slack : 0.399
TNS   : 0.000

Type  : Slow 1200mV 0C Model Hold 'U_pll|altpll_component|auto_generated|pll1|clk[2]'
Slack : 0.399
TNS   : 0.000

Type  : Slow 1200mV 0C Model Hold 'altera_reserved_tck'
Slack : 0.399
TNS   : 0.000

Type  : Slow 1200mV 0C Model Hold 'c4_clock'
Slack : 0.399
TNS   : 0.000

Type  : Slow 1200mV 0C Model Hold 'U_pll|altpll_component|auto_generated|pll1|clk[4]'
Slack : 0.400
TNS   : 0.000

Type  : Slow 1200mV 0C Model Hold 'lms_rx_clock_out'
Slack : 0.400
TNS   : 0.000

Type  : Slow 1200mV 0C Model Hold 'ref_vctcxo_tune'
Slack : 0.416
TNS   : 0.000

Type  : Slow 1200mV 0C Model Hold 'fx3_virtual'
Slack : 5.880
TNS   : 0.000

Type  : Slow 1200mV 0C Model Hold 'c4_tx_virtual'
Slack : 6.862
TNS   : 0.000

Type  : Slow 1200mV 0C Model Hold 'lms_sclk_pin'
Slack : 13.283
TNS   : 0.000

Type  : Slow 1200mV 0C Model Recovery 'c4_tx_clock'
Slack : 2.410
TNS   : 0.000

Type  : Slow 1200mV 0C Model Recovery 'U_fx3_pll|altpll_component|auto_generated|pll1|clk[0]'
Slack : 3.502
TNS   : 0.000

Type  : Slow 1200mV 0C Model Recovery 'U_pll|altpll_component|auto_generated|pll1|clk[1]'
Slack : 5.766
TNS   : 0.000

Type  : Slow 1200mV 0C Model Recovery 'U_pll|altpll_component|auto_generated|pll1|clk[0]'
Slack : 7.998
TNS   : 0.000

Type  : Slow 1200mV 0C Model Recovery 'c4_clock'
Slack : 22.873
TNS   : 0.000

Type  : Slow 1200mV 0C Model Recovery 'lms_rx_clock_out'
Slack : 26.105
TNS   : 0.000

Type  : Slow 1200mV 0C Model Recovery 'U_pll|altpll_component|auto_generated|pll1|clk[2]'
Slack : 26.551
TNS   : 0.000

Type  : Slow 1200mV 0C Model Recovery 'altera_reserved_tck'
Slack : 47.796
TNS   : 0.000

Type  : Slow 1200mV 0C Model Recovery 'ref_vctcxo_tune'
Slack : 97.873
TNS   : 0.000

Type  : Slow 1200mV 0C Model Recovery 'U_pll|altpll_component|auto_generated|pll1|clk[4]'
Slack : 245.436
TNS   : 0.000

Type  : Slow 1200mV 0C Model Removal 'altera_reserved_tck'
Slack : 1.198
TNS   : 0.000

Type  : Slow 1200mV 0C Model Removal 'c4_tx_clock'
Slack : 1.203
TNS   : 0.000

Type  : Slow 1200mV 0C Model Removal 'lms_rx_clock_out'
Slack : 1.205
TNS   : 0.000

Type  : Slow 1200mV 0C Model Removal 'U_fx3_pll|altpll_component|auto_generated|pll1|clk[0]'
Slack : 1.224
TNS   : 0.000

Type  : Slow 1200mV 0C Model Removal 'c4_clock'
Slack : 1.275
TNS   : 0.000

Type  : Slow 1200mV 0C Model Removal 'ref_vctcxo_tune'
Slack : 1.418
TNS   : 0.000

Type  : Slow 1200mV 0C Model Removal 'U_pll|altpll_component|auto_generated|pll1|clk[2]'
Slack : 1.759
TNS   : 0.000

Type  : Slow 1200mV 0C Model Removal 'U_pll|altpll_component|auto_generated|pll1|clk[0]'
Slack : 2.940
TNS   : 0.000

Type  : Slow 1200mV 0C Model Removal 'U_pll|altpll_component|auto_generated|pll1|clk[1]'
Slack : 3.692
TNS   : 0.000

Type  : Slow 1200mV 0C Model Removal 'U_pll|altpll_component|auto_generated|pll1|clk[4]'
Slack : 3.775
TNS   : 0.000

Type  : Slow 1200mV 0C Model Minimum Pulse Width 'U_fx3_pll|altpll_component|auto_generated|pll1|clk[0]'
Slack : 4.645
TNS   : 0.000

Type  : Slow 1200mV 0C Model Minimum Pulse Width 'fx3_pclk'
Slack : 4.811
TNS   : 0.000

Type  : Slow 1200mV 0C Model Minimum Pulse Width 'U_pll|altpll_component|auto_generated|pll1|clk[1]'
Slack : 4.901
TNS   : 0.000

Type  : Slow 1200mV 0C Model Minimum Pulse Width 'c4_tx_clock'
Slack : 5.699
TNS   : 0.000

Type  : Slow 1200mV 0C Model Minimum Pulse Width 'U_pll|altpll_component|auto_generated|pll1|clk[0]'
Slack : 5.898
TNS   : 0.000

Type  : Slow 1200mV 0C Model Minimum Pulse Width 'c4_clock'
Slack : 12.575
TNS   : 0.000

Type  : Slow 1200mV 0C Model Minimum Pulse Width 'lms_rx_clock_out'
Slack : 15.181
TNS   : 0.000

Type  : Slow 1200mV 0C Model Minimum Pulse Width 'lms_pll_out'
Slack : 22.041
TNS   : 0.000

Type  : Slow 1200mV 0C Model Minimum Pulse Width 'lms_sclk_reg'
Slack : 24.741
TNS   : 0.000

Type  : Slow 1200mV 0C Model Minimum Pulse Width 'U_pll|altpll_component|auto_generated|pll1|clk[2]'
Slack : 30.939
TNS   : 0.000

Type  : Slow 1200mV 0C Model Minimum Pulse Width 'lms_sclk_pin'
Slack : 46.295
TNS   : 0.000

Type  : Slow 1200mV 0C Model Minimum Pulse Width 'altera_reserved_tck'
Slack : 49.531
TNS   : 0.000

Type  : Slow 1200mV 0C Model Minimum Pulse Width 'ref_vctcxo_tune'
Slack : 49.556
TNS   : 0.000

Type  : Slow 1200mV 0C Model Minimum Pulse Width 'U_pll|altpll_component|auto_generated|pll1|clk[4]'
Slack : 124.689
TNS   : 0.000

Type  : Fast 1200mV 0C Model Setup 'c4_tx_clock'
Slack : -2.009
TNS   : -2616.985

Type  : Fast 1200mV 0C Model Setup 'U_fx3_pll|altpll_component|auto_generated|pll1|clk[0]'
Slack : 1.386
TNS   : 0.000

Type  : Fast 1200mV 0C Model Setup 'U_pll|altpll_component|auto_generated|pll1|clk[1]'
Slack : 2.850
TNS   : 0.000

Type  : Fast 1200mV 0C Model Setup 'fx3_virtual'
Slack : 3.820
TNS   : 0.000

Type  : Fast 1200mV 0C Model Setup 'U_pll|altpll_component|auto_generated|pll1|clk[0]'
Slack : 5.999
TNS   : 0.000

Type  : Fast 1200mV 0C Model Setup 'c4_tx_virtual'
Slack : 6.268
TNS   : 0.000

Type  : Fast 1200mV 0C Model Setup 'U_pll|altpll_component|auto_generated|pll1|clk[2]'
Slack : 7.941
TNS   : 0.000

Type  : Fast 1200mV 0C Model Setup 'U_pll|altpll_component|auto_generated|pll1|clk[4]'
Slack : 8.186
TNS   : 0.000

Type  : Fast 1200mV 0C Model Setup 'c4_clock'
Slack : 21.589
TNS   : 0.000

Type  : Fast 1200mV 0C Model Setup 'lms_sclk_pin'
Slack : 22.403
TNS   : 0.000

Type  : Fast 1200mV 0C Model Setup 'altera_reserved_tck'
Slack : 22.907
TNS   : 0.000

Type  : Fast 1200mV 0C Model Setup 'lms_rx_clock_out'
Slack : 27.275
TNS   : 0.000

Type  : Fast 1200mV 0C Model Setup 'ref_vctcxo_tune'
Slack : 97.034
TNS   : 0.000

Type  : Fast 1200mV 0C Model Hold 'c4_tx_clock'
Slack : 0.133
TNS   : 0.000

Type  : Fast 1200mV 0C Model Hold 'U_fx3_pll|altpll_component|auto_generated|pll1|clk[0]'
Slack : 0.178
TNS   : 0.000

Type  : Fast 1200mV 0C Model Hold 'U_pll|altpll_component|auto_generated|pll1|clk[2]'
Slack : 0.183
TNS   : 0.000

Type  : Fast 1200mV 0C Model Hold 'U_pll|altpll_component|auto_generated|pll1|clk[0]'
Slack : 0.184
TNS   : 0.000

Type  : Fast 1200mV 0C Model Hold 'U_pll|altpll_component|auto_generated|pll1|clk[1]'
Slack : 0.185
TNS   : 0.000

Type  : Fast 1200mV 0C Model Hold 'U_pll|altpll_component|auto_generated|pll1|clk[4]'
Slack : 0.185
TNS   : 0.000

Type  : Fast 1200mV 0C Model Hold 'altera_reserved_tck'
Slack : 0.185
TNS   : 0.000

Type  : Fast 1200mV 0C Model Hold 'c4_clock'
Slack : 0.185
TNS   : 0.000

Type  : Fast 1200mV 0C Model Hold 'lms_rx_clock_out'
Slack : 0.185
TNS   : 0.000

Type  : Fast 1200mV 0C Model Hold 'ref_vctcxo_tune'
Slack : 0.193
TNS   : 0.000

Type  : Fast 1200mV 0C Model Hold 'fx3_virtual'
Slack : 3.568
TNS   : 0.000

Type  : Fast 1200mV 0C Model Hold 'c4_tx_virtual'
Slack : 3.916
TNS   : 0.000

Type  : Fast 1200mV 0C Model Hold 'lms_sclk_pin'
Slack : 13.482
TNS   : 0.000

Type  : Fast 1200mV 0C Model Recovery 'c4_tx_clock'
Slack : 4.430
TNS   : 0.000

Type  : Fast 1200mV 0C Model Recovery 'U_fx3_pll|altpll_component|auto_generated|pll1|clk[0]'
Slack : 6.721
TNS   : 0.000

Type  : Fast 1200mV 0C Model Recovery 'U_pll|altpll_component|auto_generated|pll1|clk[1]'
Slack : 8.078
TNS   : 0.000

Type  : Fast 1200mV 0C Model Recovery 'U_pll|altpll_component|auto_generated|pll1|clk[0]'
Slack : 10.191
TNS   : 0.000

Type  : Fast 1200mV 0C Model Recovery 'c4_clock'
Slack : 24.513
TNS   : 0.000

Type  : Fast 1200mV 0C Model Recovery 'lms_rx_clock_out'
Slack : 28.689
TNS   : 0.000

Type  : Fast 1200mV 0C Model Recovery 'U_pll|altpll_component|auto_generated|pll1|clk[2]'
Slack : 28.933
TNS   : 0.000

Type  : Fast 1200mV 0C Model Recovery 'altera_reserved_tck'
Slack : 48.775
TNS   : 0.000

Type  : Fast 1200mV 0C Model Recovery 'ref_vctcxo_tune'
Slack : 98.955
TNS   : 0.000

Type  : Fast 1200mV 0C Model Recovery 'U_pll|altpll_component|auto_generated|pll1|clk[4]'
Slack : 247.711
TNS   : 0.000

Type  : Fast 1200mV 0C Model Removal 'altera_reserved_tck'
Slack : 0.555
TNS   : 0.000

Type  : Fast 1200mV 0C Model Removal 'lms_rx_clock_out'
Slack : 0.555
TNS   : 0.000

Type  : Fast 1200mV 0C Model Removal 'c4_tx_clock'
Slack : 0.559
TNS   : 0.000

Type  : Fast 1200mV 0C Model Removal 'U_fx3_pll|altpll_component|auto_generated|pll1|clk[0]'
Slack : 0.564
TNS   : 0.000

Type  : Fast 1200mV 0C Model Removal 'c4_clock'
Slack : 0.581
TNS   : 0.000

Type  : Fast 1200mV 0C Model Removal 'ref_vctcxo_tune'
Slack : 0.664
TNS   : 0.000

Type  : Fast 1200mV 0C Model Removal 'U_pll|altpll_component|auto_generated|pll1|clk[2]'
Slack : 0.827
TNS   : 0.000

Type  : Fast 1200mV 0C Model Removal 'U_pll|altpll_component|auto_generated|pll1|clk[0]'
Slack : 1.490
TNS   : 0.000

Type  : Fast 1200mV 0C Model Removal 'U_pll|altpll_component|auto_generated|pll1|clk[1]'
Slack : 1.909
TNS   : 0.000

Type  : Fast 1200mV 0C Model Removal 'U_pll|altpll_component|auto_generated|pll1|clk[4]'
Slack : 1.960
TNS   : 0.000

Type  : Fast 1200mV 0C Model Minimum Pulse Width 'U_fx3_pll|altpll_component|auto_generated|pll1|clk[0]'
Slack : 4.751
TNS   : 0.000

Type  : Fast 1200mV 0C Model Minimum Pulse Width 'fx3_pclk'
Slack : 4.950
TNS   : 0.000

Type  : Fast 1200mV 0C Model Minimum Pulse Width 'U_pll|altpll_component|auto_generated|pll1|clk[1]'
Slack : 4.971
TNS   : 0.000

Type  : Fast 1200mV 0C Model Minimum Pulse Width 'c4_tx_clock'
Slack : 5.987
TNS   : 0.000

Type  : Fast 1200mV 0C Model Minimum Pulse Width 'U_pll|altpll_component|auto_generated|pll1|clk[0]'
Slack : 6.000
TNS   : 0.000

Type  : Fast 1200mV 0C Model Minimum Pulse Width 'c4_clock'
Slack : 12.810
TNS   : 0.000

Type  : Fast 1200mV 0C Model Minimum Pulse Width 'lms_rx_clock_out'
Slack : 15.417
TNS   : 0.000

Type  : Fast 1200mV 0C Model Minimum Pulse Width 'lms_pll_out'
Slack : 22.041
TNS   : 0.000

Type  : Fast 1200mV 0C Model Minimum Pulse Width 'lms_sclk_reg'
Slack : 24.870
TNS   : 0.000

Type  : Fast 1200mV 0C Model Minimum Pulse Width 'U_pll|altpll_component|auto_generated|pll1|clk[2]'
Slack : 30.999
TNS   : 0.000

Type  : Fast 1200mV 0C Model Minimum Pulse Width 'lms_sclk_pin'
Slack : 46.665
TNS   : 0.000

Type  : Fast 1200mV 0C Model Minimum Pulse Width 'altera_reserved_tck'
Slack : 49.713
TNS   : 0.000

Type  : Fast 1200mV 0C Model Minimum Pulse Width 'ref_vctcxo_tune'
Slack : 49.791
TNS   : 0.000

Type  : Fast 1200mV 0C Model Minimum Pulse Width 'U_pll|altpll_component|auto_generated|pll1|clk[4]'
Slack : 124.752
TNS   : 0.000

------------------------------------------------------------
